Linux 5.4.0-124-generic (quardell-Standard-PC-Q35-ICH9-2009) 	30-08-22 	_x86_64_	(2 CPU)

30-08-22 17:08:23
avg-cpu:  %user   %nice %system %iowait  %steal   %idle
          11,48    0,02    5,50    2,39    0,14   80,47

Device            r/s     w/s     rMB/s     wMB/s   rrqm/s   wrqm/s  %rrqm  %wrqm r_await w_await aqu-sz rareq-sz wareq-sz  svctm  %util
loop22         296,08 1666,85      1,16      6,46     0,00     0,00   0,00   0,00    0,01    0,09   0,02     4,01     3,97   0,03   5,37

